// Jest Snapshot v1, https://goo.gl/fbAQLP

exports[`Button test renders correctly 1`] = `
<View
  accessible={true}
  collapsable={false}
  focusable={true}
  onBlur={[Function]}
  onClick={[Function]}
  onFocus={[Function]}
  onResponderGrant={[Function]}
  onResponderMove={[Function]}
  onResponderRelease={[Function]}
  onResponderTerminate={[Function]}
  onResponderTerminationRequest={[Function]}
  onStartShouldSetResponder={[Function]}
  style={
    Object {
      "backgroundColor": "#2196F3",
      "borderRadius": 4,
      "elevation": 2,
      "marginTop": 15,
      "padding": 10,
    }
  }
>
  <Text
    style={
      Object {
        "color": "white",
        "fontWeight": "bold",
        "textAlign": "center",
      }
    }
  >
    test
  </Text>
</View>
`;
